Microchip Technology Inc, v2.10 (B)

Tool Name:
  /Applications/microchip/xc16/v2.10/bin/bin/../bin/elf-ld

Command:
  -T/tmp/tmp00007539.00 \
  -T/tmp/tmp00007539.01 \
  -T/tmp/tmp00007539.02 \
  -T/tmp/tmp00007539.03 \
  -T/tmp/tmp00007539.04 \
  -p24F16KA101 \
  --mdfp=/Applications/microchip/mplabx/v6.15/packs/Microchip/PIC24F-KA-KL-KM_DFP/1.4.83/xc16 \
  -o \
  dist/default/debug/ENSF460_DP4.X.debug.elf \
  -L/Applications/microchip/xc16/v2.10/bin/bin/.. \
  -L/Applications/microchip/mplabx/v6.15/packs/Microchip/PIC24F-KA-KL-KM_DFP/1.4.83/xc16/bin/../support/PIC24F/gld \
  -L/Applications/microchip/xc16/v2.10/bin/bin/../../lib \
  -L/Applications/microchip/xc16/v2.10/bin/bin/../../support/PIC24E/gld \
  -L/Applications/microchip/xc16/v2.10/bin/bin/../../support/PIC24F/gld \
  -L/Applications/microchip/xc16/v2.10/bin/bin/../../support/PIC24H/gld \
  -L/Applications/microchip/xc16/v2.10/bin/bin/../../support/dsPIC30F/gld \
  -L/Applications/microchip/xc16/v2.10/bin/bin/../../support/dsPIC33C/gld \
  -L/Applications/microchip/xc16/v2.10/bin/bin/../../support/dsPIC33E/gld \
  -L/Applications/microchip/xc16/v2.10/bin/bin/../../support/dsPIC33F/gld \
  build/default/debug/main.o \
  build/default/debug/ChangeClk.o \
  build/default/debug/TimeDelay.o \
  build/default/debug/IOs.o \
  build/default/debug/UART2.o \
  --defsym=__MPLAB_BUILD=1 \
  --defsym=__MPLAB_DEBUG=1 \
  --defsym=__DEBUG=1 \
  -Tp24F16KA101.gld.05 \
  --stack=16 \
  --check-sections \
  --data-init \
  --pack-data \
  --handles \
  --isr \
  --no-gc-sections \
  --fill-upper=0 \
  --stackguard=16 \
  --no-force-link \
  --smart-io \
  -Map=dist/default/debug/ENSF460_DP4.X.debug.map \
  --report-mem \
  --memorysummary \
  dist/default/debug/memoryfile.xml \
  -start-group \
  --library=c99-pic30-elf \
  --library=m-elf \
  --library=c99-elf \
  -end-group \


Optional library libpPIC24Fxxx.a not found
Archive member included because of file (symbol)

/Applications/microchip/xc16/v2.10/bin/bin/../../lib/libc99-pic30-elf.a(crt0_standard.o)
                              (__resetPRI)
/Applications/microchip/xc16/v2.10/bin/bin/../../lib/libc99-pic30-elf.a(data_init_standard.o)
                              /Applications/microchip/xc16/v2.10/bin/bin/../../lib/libc99-pic30-elf.a(crt0_standard.o) (__data_init_standard)
/Applications/microchip/xc16/v2.10/bin/bin/../../lib/libc99-pic30-elf.a(crt_start_mode_normal.Meo)
                              (__crt_start_mode_normal)
/Applications/microchip/xc16/v2.10/bin/bin/../../lib/libc99-pic30-elf.a(fixunssfsi.XX_o)
                              build/default/debug/UART2.o (___fixunssfsi)
/Applications/microchip/xc16/v2.10/bin/bin/../../lib/libc99-pic30-elf.a(floatsisf.XX_o)
                              build/default/debug/UART2.o (___floatsisf)
/Applications/microchip/xc16/v2.10/bin/bin/../../lib/libc99-pic30-elf.a(floatunsisf.XX_o)
                              build/default/debug/UART2.o (___floatunsisf)
/Applications/microchip/xc16/v2.10/bin/bin/../../lib/libc99-pic30-elf.a(funpack.XX_o)
                              /Applications/microchip/xc16/v2.10/bin/bin/../../lib/libc99-pic30-elf.a(fixunssfsi.XX_o) (__funpack)
/Applications/microchip/xc16/v2.10/bin/bin/../../lib/libc99-pic30-elf.a(divsf3x.XX_o)
                              build/default/debug/UART2.o (___divsf3)
/Applications/microchip/xc16/v2.10/bin/bin/../../lib/libc99-pic30-elf.a(typefx.XX_o)
                              /Applications/microchip/xc16/v2.10/bin/bin/../../lib/libc99-pic30-elf.a(divsf3x.XX_o) (__typef)
/Applications/microchip/xc16/v2.10/bin/bin/../../lib/libc99-pic30-elf.a(spackfx.XX_o)
                              /Applications/microchip/xc16/v2.10/bin/bin/../../lib/libc99-pic30-elf.a(divsf3x.XX_o) (__spackf)
/Applications/microchip/xc16/v2.10/bin/bin/../../lib/libc99-pic30-elf.a(unpackfx.XX_o)
                              /Applications/microchip/xc16/v2.10/bin/bin/../../lib/libc99-pic30-elf.a(divsf3x.XX_o) (__unpackf)
/Applications/microchip/xc16/v2.10/bin/bin/../../lib/libc99-pic30-elf.a(errno.XX_o)
                              /Applications/microchip/xc16/v2.10/bin/bin/../../lib/libc99-pic30-elf.a(divsf3x.XX_o) (_errno)
/Applications/microchip/xc16/v2.10/bin/bin/../../lib/libc99-pic30-elf.a(floatdisf.XX_o)
                              /Applications/microchip/xc16/v2.10/bin/bin/../../lib/libc99-pic30-elf.a(floatsisf.XX_o) (___floatdisf)
/Applications/microchip/xc16/v2.10/bin/bin/../../lib/libc99-pic30-elf.a(floatundisf.XX_o)
                              /Applications/microchip/xc16/v2.10/bin/bin/../../lib/libc99-pic30-elf.a(floatunsisf.XX_o) (___floatundisf)
/Applications/microchip/xc16/v2.10/bin/bin/../../lib/libc99-pic30-elf.a(fpack.XX_o)
                              /Applications/microchip/xc16/v2.10/bin/bin/../../lib/libc99-pic30-elf.a(floatundisf.XX_o) (__fpack)
/Applications/microchip/xc16/v2.10/bin/bin/../../lib/libm-elf.a(powf.XX_o)
                              build/default/debug/UART2.o (_powf)
/Applications/microchip/xc16/v2.10/bin/bin/../../lib/libm-elf.a(scalbnf.XX_o)
                              /Applications/microchip/xc16/v2.10/bin/bin/../../lib/libm-elf.a(powf.XX_o) (_scalbnf)
/Applications/microchip/xc16/v2.10/bin/bin/../../lib/libm-elf.a(sqrtf.XX_o)
                              /Applications/microchip/xc16/v2.10/bin/bin/../../lib/libm-elf.a(powf.XX_o) (_sqrtf)
/Applications/microchip/xc16/v2.10/bin/bin/../../lib/libm-elf.a(fabsf.XX_o)
                              /Applications/microchip/xc16/v2.10/bin/bin/../../lib/libm-elf.a(powf.XX_o) (_fabsf)
/Applications/microchip/xc16/v2.10/bin/bin/../../lib/libc99-elf.a(__errno_location.XX_o)
                              /Applications/microchip/xc16/v2.10/bin/bin/../../lib/libm-elf.a(powf.XX_o) (___errno_val)
/Applications/microchip/xc16/v2.10/bin/bin/../../lib/libc99-elf.a(strlen.XX_o)
                              build/default/debug/UART2.o (_strlen)
/Applications/microchip/xc16/v2.10/bin/bin/../../lib/libc99-pic30-elf.a(feqltle.XX_o)
                              /Applications/microchip/xc16/v2.10/bin/bin/../../lib/libm-elf.a(powf.XX_o) (___lesf2)
/Applications/microchip/xc16/v2.10/bin/bin/../../lib/libc99-pic30-elf.a(fgtge.XX_o)
                              /Applications/microchip/xc16/v2.10/bin/bin/../../lib/libm-elf.a(powf.XX_o) (___gtsf2)
/Applications/microchip/xc16/v2.10/bin/bin/../../lib/libc99-pic30-elf.a(addsf3x.XX_o)
                              /Applications/microchip/xc16/v2.10/bin/bin/../../lib/libm-elf.a(powf.XX_o) (___subsf3)
/Applications/microchip/xc16/v2.10/bin/bin/../../lib/libc99-pic30-elf.a(mulsf3x.XX_o)
                              /Applications/microchip/xc16/v2.10/bin/bin/../../lib/libm-elf.a(powf.XX_o) (___mulsf3)
/Applications/microchip/xc16/v2.10/bin/bin/../../lib/libc99-pic30-elf.a(dnrmpackfx.XX_o)
                              /Applications/microchip/xc16/v2.10/bin/bin/../../lib/libc99-pic30-elf.a(addsf3x.XX_o) (__dnrmpackf)
/Applications/microchip/xc16/v2.10/bin/bin/../../lib/libc99-pic30-elf.a(unpackdnrmfx.XX_o)
                              /Applications/microchip/xc16/v2.10/bin/bin/../../lib/libc99-pic30-elf.a(mulsf3x.XX_o) (__unpackdnrmf)
/Applications/microchip/xc16/v2.10/bin/bin/../../lib/libc99-pic30-elf.a(propnanfx.XX_o)
                              /Applications/microchip/xc16/v2.10/bin/bin/../../lib/libc99-pic30-elf.a(addsf3x.XX_o) (__propnanf)
/Applications/microchip/xc16/v2.10/bin/bin/../../lib/libc99-pic30-elf.a(fcompare.XX_o)
                              /Applications/microchip/xc16/v2.10/bin/bin/../../lib/libc99-pic30-elf.a(feqltle.XX_o) (__fcompare)
/Applications/microchip/xc16/v2.10/bin/bin/../../lib/libc99-pic30-elf.a(funpack2.XX_o)
                              /Applications/microchip/xc16/v2.10/bin/bin/../../lib/libc99-pic30-elf.a(fcompare.XX_o) (__funpack2)


Selected CodeGuard Options:
  FGS:GWRP:OFF
  FGS:GCP:OFF
  FBS:BWRP:OFF
  FBS:BSS:OFF

CodeGuard FLASH Memory:
  boot    (none)
  secure  (none)
  general 0x200 to 0x2bfe

CodeGuard RAM Memory:
  general 0x800 to 0xdff
  secure  (none)
  boot    (none)

CodeGuard EEPROM Memory:
  general 0x7ffe00 to 0x7fffff
  secure  (none)
  boot    (none)


xc16-ld 2.10 (B)

Default Code Model: Small
Default Data Model: Small
Default Scalar Model: Small

"program" Memory  [Origin = 0x200, Length = 0x2a00]

section                    address   length (PC units)   length (bytes) (dec)
-------                    -------   -----------------   --------------------
.text                        0x200              0x14b0          0x1f08  (7944)
.const                      0x16b0                0x9a            0xe7  (231)
.text                       0x174a               0x31a           0x4a7  (1191)
.dinit                      0x1a64                0x30            0x48  (72)
.text                       0x1a94                 0xa             0xf  (15)

                 Total "program" memory used (bytes):         0x24ed  (9453) 58%


"data" Memory  [Origin = 0x800, Length = 0x600]

section                    address      alignment gaps    total length  (dec)
-------                    -------      --------------    -------------------
reserve_data_0x800           0x800                0x20            0x20  (32)
reserve_data_0x820           0x820                 0x2             0x2  (2)
reserve_data_0x822           0x822                 0x2             0x2  (2)
reserve_data_0x824           0x824                 0x2             0x2  (2)
reserve_data_0x826           0x826                0x2a            0x2a  (42)
.nbss                        0x850                   0             0x8  (8)
.data                        0x858                   0            0x18  (24)
.bss                         0x870                   0             0x2  (2)

                 Total "data" memory used (bytes):           0x72  (114) 7%


Dynamic Memory Usage

region                     address                      maximum length  (dec)
------                     -------                      ---------------------
heap                             0                                   0  (0)
stack                        0x872                               0x58e  (1422)

                 Maximum dynamic memory (bytes):          0x58e  (1422)

Info: Project is using a large data memory model when small data memory model is sufficient.


External Symbols in Data Memory (by address):

                    0x0850                  _CNflag
                    0x0852                  _i
                    0x0854                  _clkval
                    0x0870                  ___errno_val

External Symbols in Data Memory (by name):

                    0x0850                  _CNflag
                    0x0870                  ___errno_val
                    0x0854                  _clkval
                    0x0852                  _i

External Symbols in Program Memory (by address):

                  0x000200                  __resetPRI
                  0x00023c                  __psv_init
                  0x000252                  __data_init
                  0x000252                  __data_init_standard
                  0x0002c8                  __T2Interrupt
                  0x0002d4                  __CNInterrupt
                  0x00050c                  __U2RXInterrupt
                  0x000514                  __U2TXInterrupt
                  0x00051c                  __DefaultInterrupt
                  0x000522                  ___fixunssfsi
                  0x000558                  ___floatsisf
                  0x00055e                  ___floatunsisf
                  0x000562                  __funpack
                  0x00058c                  ___divsf3x
                  0x00058c                  ___divsf3
                  0x00071e                  __sdivf
                  0x00074a                  __typef
                  0x00077e                  __spackf
                  0x000824                  __unpackf
                  0x00088a                  ___floatdisf
                  0x0008aa                  ___floatundisf
                  0x000908                  __fpack
                  0x000954                  _powf
                  0x001114                  _scalbnf
                  0x001168                  _sqrtf
                  0x00127c                  _fabsf
                  0x001286                  _strlen
                  0x0012b6                  ___eqsf2
                  0x0012b6                  ___lesf2
                  0x0012b6                  ___ltsf2
                  0x0012ba                  ___gtsf2
                  0x0012ba                  ___gesf2
                  0x0012be                  ___subsf3
                  0x0012be                  ___subsf3x
                  0x0012d0                  ___addsf3
                  0x0012d0                  ___addsf3x
                  0x00149a                  ___mulsf3x
                  0x00149a                  ___mulsf3
                  0x0015a6                  __dnrmpackf
                  0x0015fa                  __unpackdnrmf
                  0x001658                  __propnanf
                  0x00166a                  __fcompare
                  0x0016a0                  __funpack2
                  0x00174a                  _InitUART2
                  0x0017b2                  _XmitUART2
                  0x0017ea                  _Disp2Hex
                  0x001848                  _Disp2Hex32
                  0x0018be                  _Disp2Dec
                  0x00191e                  _Disp2String
                  0x001940                  _NewClk
                  0x0019b4                  _delay_ms
                  0x001a1e                  _IOinit
                  0x001a5c                  _IOcheck
                  0x001a94                  _main
                  0xf80000                  __FBS.sec
                  0xf80004                  __FGS.sec

External Symbols in Program Memory (by name):

                  0x0018be                  _Disp2Dec
                  0x0017ea                  _Disp2Hex
                  0x001848                  _Disp2Hex32
                  0x00191e                  _Disp2String
                  0x001a5c                  _IOcheck
                  0x001a1e                  _IOinit
                  0x00174a                  _InitUART2
                  0x001940                  _NewClk
                  0x0017b2                  _XmitUART2
                  0x0002d4                  __CNInterrupt
                  0x00051c                  __DefaultInterrupt
                  0xf80000                  __FBS.sec
                  0xf80004                  __FGS.sec
                  0x0002c8                  __T2Interrupt
                  0x00050c                  __U2RXInterrupt
                  0x000514                  __U2TXInterrupt
                  0x0012d0                  ___addsf3
                  0x0012d0                  ___addsf3x
                  0x00058c                  ___divsf3
                  0x00058c                  ___divsf3x
                  0x0012b6                  ___eqsf2
                  0x000522                  ___fixunssfsi
                  0x00088a                  ___floatdisf
                  0x000558                  ___floatsisf
                  0x0008aa                  ___floatundisf
                  0x00055e                  ___floatunsisf
                  0x0012ba                  ___gesf2
                  0x0012ba                  ___gtsf2
                  0x0012b6                  ___lesf2
                  0x0012b6                  ___ltsf2
                  0x00149a                  ___mulsf3
                  0x00149a                  ___mulsf3x
                  0x0012be                  ___subsf3
                  0x0012be                  ___subsf3x
                  0x000252                  __data_init
                  0x000252                  __data_init_standard
                  0x0015a6                  __dnrmpackf
                  0x00166a                  __fcompare
                  0x000908                  __fpack
                  0x000562                  __funpack
                  0x0016a0                  __funpack2
                  0x001658                  __propnanf
                  0x00023c                  __psv_init
                  0x000200                  __resetPRI
                  0x00071e                  __sdivf
                  0x00077e                  __spackf
                  0x00074a                  __typef
                  0x0015fa                  __unpackdnrmf
                  0x000824                  __unpackf
                  0x0019b4                  _delay_ms
                  0x00127c                  _fabsf
                  0x001a94                  _main
                  0x000954                  _powf
                  0x001114                  _scalbnf
                  0x001168                  _sqrtf
                  0x001286                  _strlen

Memory Configuration

Name             Origin             Length             Attributes
data             0x000800           0x000600           a !xr
reset            0x000000           0x000004  
ivt              0x000004           0x0000fc  
_reserved        0x000100           0x000004  
aivt             0x000104           0x0000fc  
program          0x000200           0x002a00           xr
eedata           0x7ffe00           0x000200  
FBS              0xf80000           0x000002  
FGS              0xf80004           0x000002  
FOSCSEL          0xf80006           0x000002  
FOSC             0xf80008           0x000002  
FWDT             0xf8000a           0x000002  
FPOR             0xf8000c           0x000002  
FICD             0xf8000e           0x000002  
FDS              0xf80010           0x000002  
*default*        0x000000           0xffffffffffffffff  

Linker script and memory map


reserve_data_0x800
                    0x0800         0x20
                    0x0820                  . = 0x20
 *fill*             0x0800         0x2000

reserve_data_0x820
                    0x0820          0x2
                    0x0822                  . = 0x2
 *fill*             0x0820          0x200

reserve_data_0x822
                    0x0822          0x2
                    0x0824                  . = 0x2
 *fill*             0x0822          0x200

reserve_data_0x824
                    0x0824          0x2
                    0x0826                  . = 0x2
 *fill*             0x0824          0x200

reserve_data_0x826
                    0x0826         0x2a
                    0x0850                  . = 0x2a
 *fill*             0x0826         0x2a00
LOAD build/default/debug/main.o
LOAD build/default/debug/ChangeClk.o
LOAD build/default/debug/TimeDelay.o
LOAD build/default/debug/IOs.o
LOAD build/default/debug/UART2.o
                    0x0001                  __MPLAB_BUILD = 0x1
                    0x0001                  __MPLAB_DEBUG = 0x1
                    0x0001                  __DEBUG = 0x1
LOAD pPIC24Fxxx
LOAD /Applications/microchip/xc16/v2.10/bin/bin/../../lib/libfx-elf.a
                    0xf80000                  __FBS = 0xf80000
                    0xf80004                  __FGS = 0xf80004
                    0xf80006                  __FOSCSEL = 0xf80006
                    0xf80008                  __FOSC = 0xf80008
                    0xf8000a                  __FWDT = 0xf8000a
                    0xf8000c                  __FPOR = 0xf8000c
                    0xf8000e                  __FICD = 0xf8000e
                    0xf80010                  __FDS = 0xf80010
                    0x0001                  __NO_HANDLES = 0x1
                    0x0200                  __CODE_BASE = 0x200
                    0x2a00                  __CODE_LENGTH = 0x2a00
                    0x0004                  __IVT_BASE = 0x4
                    0x0104                  __AIVT_BASE = 0x104
                    0x0800                  __DATA_BASE = 0x800
                    0x0600                  __DATA_LENGTH = 0x600

.reset            0x000000          0x4
                  0x000000          0x2 SHORT 0x200 ABSOLUTE (__reset)
                  0x000001          0x2 SHORT 0x4
                  0x000002          0x2 SHORT 0x0 ((ABSOLUTE (__reset) >> 0x10) & 0x7f)
                  0x000003          0x2 SHORT 0x0

.text             0x000200       0x14b0
 *(.init)
 .init            0x000200         0x4c /Applications/microchip/xc16/v2.10/bin/bin/../../lib/libc99-pic30-elf.a(crt0_standard.o)
                  0x000200                  __reset
                  0x000200                  __resetPRI
                  0x00023c                  __psv_init
 .init            0x00024c         0x7c /Applications/microchip/xc16/v2.10/bin/bin/../../lib/libc99-pic30-elf.a(data_init_standard.o)
                  0x000252                  __data_init
                  0x000252                  __data_init_standard
 *(.user_init)
 *(.handle)
 *(.isr*)
 .isr.text        0x0002c8          0xc build/default/debug/TimeDelay.o
                  0x0002c8                  __T2Interrupt
 .isr.text        0x0002d4        0x238 build/default/debug/IOs.o
                  0x0002d4                  __CNInterrupt
 .isr.text        0x00050c         0x10 build/default/debug/UART2.o
                  0x00050c                  __U2RXInterrupt
                  0x000514                  __U2TXInterrupt
 .isr             0x00051c          0x4 default_isr
                  0x00051c                  __DefaultInterrupt
 *(.libc)
 *(.libm)
 *(.libdsp)
 *(.lib*)
 .libpic30_crt_start_mode
                  0x000520          0x2 /Applications/microchip/xc16/v2.10/bin/bin/../../lib/libc99-pic30-elf.a(crt_start_mode_normal.Meo)
                  0x000520                  __crt_start_mode_normal
                  0x000520                  __crt_start_mode
 .libm.fixunssfsi
                  0x000522         0x36 /Applications/microchip/xc16/v2.10/bin/bin/../../lib/libc99-pic30-elf.a(fixunssfsi.XX_o)
                  0x000522                  ___fixunssfsi
 .libm.floatsisf
                  0x000558          0x6 /Applications/microchip/xc16/v2.10/bin/bin/../../lib/libc99-pic30-elf.a(floatsisf.XX_o)
                  0x000558                  ___floatsisf
 .libm.floatunsisf
                  0x00055e          0x4 /Applications/microchip/xc16/v2.10/bin/bin/../../lib/libc99-pic30-elf.a(floatunsisf.XX_o)
                  0x00055e                  ___floatunsisf
 .libm.funpack    0x000562         0x2a /Applications/microchip/xc16/v2.10/bin/bin/../../lib/libc99-pic30-elf.a(funpack.XX_o)
                  0x000562                  __funpack
 .libmx           0x00058c        0x1be /Applications/microchip/xc16/v2.10/bin/bin/../../lib/libc99-pic30-elf.a(divsf3x.XX_o)
                  0x00058c                  ___divsf3x
                  0x00058c                  ___divsf3
                  0x00071e                  __sdivf
 .libmx           0x00074a         0x34 /Applications/microchip/xc16/v2.10/bin/bin/../../lib/libc99-pic30-elf.a(typefx.XX_o)
                  0x00074a                  __typef
 .libmx           0x00077e         0xa6 /Applications/microchip/xc16/v2.10/bin/bin/../../lib/libc99-pic30-elf.a(spackfx.XX_o)
                  0x00077e                  __spackf
 .libmx           0x000824         0x66 /Applications/microchip/xc16/v2.10/bin/bin/../../lib/libc99-pic30-elf.a(unpackfx.XX_o)
                  0x000824                  __unpackf
 .libm.floatdisf
                  0x00088a         0x20 /Applications/microchip/xc16/v2.10/bin/bin/../../lib/libc99-pic30-elf.a(floatdisf.XX_o)
                  0x00088a                  ___floatdisf
 .libm.floatundisf
                  0x0008aa         0x5e /Applications/microchip/xc16/v2.10/bin/bin/../../lib/libc99-pic30-elf.a(floatundisf.XX_o)
                  0x0008aa                  ___floatundisf
 .libm.fpack      0x000908         0x4c /Applications/microchip/xc16/v2.10/bin/bin/../../lib/libc99-pic30-elf.a(fpack.XX_o)
                  0x000908                  __fpack
 .libc.powf       0x000954        0x7c0 /Applications/microchip/xc16/v2.10/bin/bin/../../lib/libm-elf.a(powf.XX_o)
                  0x000954                  _powf
 .libc.scalbnf    0x001114         0x54 /Applications/microchip/xc16/v2.10/bin/bin/../../lib/libm-elf.a(scalbnf.XX_o)
                  0x001114                  _scalbnf
 .libc.sqrtf      0x001168        0x114 /Applications/microchip/xc16/v2.10/bin/bin/../../lib/libm-elf.a(sqrtf.XX_o)
                  0x001168                  _sqrtf
 .libc.fabsf      0x00127c          0xa /Applications/microchip/xc16/v2.10/bin/bin/../../lib/libm-elf.a(fabsf.XX_o)
                  0x00127c                  _fabsf
 .libc.strlen     0x001286         0x30 /Applications/microchip/xc16/v2.10/bin/bin/../../lib/libc99-elf.a(strlen.XX_o)
                  0x001286                  _strlen
 .libm.eqsf2      0x0012b6          0x4 /Applications/microchip/xc16/v2.10/bin/bin/../../lib/libc99-pic30-elf.a(feqltle.XX_o)
                  0x0012b6                  ___lesf2
                  0x0012b6                  ___eqsf2
                  0x0012b6                  ___ltsf2
 .libm.gtsf2      0x0012ba          0x4 /Applications/microchip/xc16/v2.10/bin/bin/../../lib/libc99-pic30-elf.a(fgtge.XX_o)
                  0x0012ba                  ___gtsf2
                  0x0012ba                  ___gesf2
 .libmx           0x0012be        0x1dc /Applications/microchip/xc16/v2.10/bin/bin/../../lib/libc99-pic30-elf.a(addsf3x.XX_o)
                  0x0012be                  ___subsf3
                  0x0012be                  ___subsf3x
                  0x0012d0                  ___addsf3
                  0x0012d0                  ___addsf3x
 .libmx           0x00149a        0x10c /Applications/microchip/xc16/v2.10/bin/bin/../../lib/libc99-pic30-elf.a(mulsf3x.XX_o)
                  0x00149a                  ___mulsf3
                  0x00149a                  ___mulsf3x
 .libmx           0x0015a6         0x54 /Applications/microchip/xc16/v2.10/bin/bin/../../lib/libc99-pic30-elf.a(dnrmpackfx.XX_o)
                  0x0015a6                  __dnrmpackf
 .libmx           0x0015fa         0x5e /Applications/microchip/xc16/v2.10/bin/bin/../../lib/libc99-pic30-elf.a(unpackdnrmfx.XX_o)
                  0x0015fa                  __unpackdnrmf
 .libmx           0x001658         0x12 /Applications/microchip/xc16/v2.10/bin/bin/../../lib/libc99-pic30-elf.a(propnanfx.XX_o)
                  0x001658                  __propnanf
 .libm.fcompare
                  0x00166a         0x36 /Applications/microchip/xc16/v2.10/bin/bin/../../lib/libc99-pic30-elf.a(fcompare.XX_o)
                  0x00166a                  __fcompare
 .libm.funpack2
                  0x0016a0         0x10 /Applications/microchip/xc16/v2.10/bin/bin/../../lib/libc99-pic30-elf.a(funpack2.XX_o)
                  0x0016a0                  __funpack2

usercode
 *(usercode)

__FBS             0xf80000          0x2
 *(__FBS.sec*)
 __FBS.sec        0xf80000          0x2 /CW/_FBSXîr<½
                  0xf80000                  __FBS.sec

__FGS             0xf80004          0x2
 *(__FGS.sec*)
 __FGS.sec        0xf80004          0x2 /CW/_FGSXÞr<½
                  0xf80004                  __FGS.sec

__FOSCSEL
 *(__FOSCSEL.sec*)

__FOSC
 *(__FOSC.sec*)

__FWDT
 *(__FWDT.sec*)

__FPOR
 *(__FPOR.sec*)

__FICD
 *(__FICD.sec*)

__FDS
 *(__FDS.sec*)

.comment
 *(.comment)

.debug_info       0x000000       0x3856
 *(.debug_info)
 .debug_info      0x000000        0x1ae build/default/debug/main.o
 .debug_info      0x0001ae        0x56f build/default/debug/ChangeClk.o
 .debug_info      0x00071d        0x63c build/default/debug/TimeDelay.o
 .debug_info      0x000d59       0x10c0 build/default/debug/IOs.o
 .debug_info      0x001e19        0xe92 build/default/debug/UART2.o
 .debug_info      0x002cab         0x90 /Applications/microchip/xc16/v2.10/bin/bin/../../lib/libc99-pic30-elf.a(fixunssfsi.XX_o)
 .debug_info      0x002d3b         0x8f /Applications/microchip/xc16/v2.10/bin/bin/../../lib/libc99-pic30-elf.a(floatsisf.XX_o)
 .debug_info      0x002dca         0x91 /Applications/microchip/xc16/v2.10/bin/bin/../../lib/libc99-pic30-elf.a(floatunsisf.XX_o)
 .debug_info      0x002e5b         0x8d /Applications/microchip/xc16/v2.10/bin/bin/../../lib/libc99-pic30-elf.a(funpack.XX_o)
 .debug_info      0x002ee8         0x9d /Applications/microchip/xc16/v2.10/bin/bin/../../lib/libc99-pic30-elf.a(divsf3x.XX_o)
 .debug_info      0x002f85         0x9c /Applications/microchip/xc16/v2.10/bin/bin/../../lib/libc99-pic30-elf.a(typefx.XX_o)
 .debug_info      0x003021         0x9d /Applications/microchip/xc16/v2.10/bin/bin/../../lib/libc99-pic30-elf.a(spackfx.XX_o)
 .debug_info      0x0030be         0x9e /Applications/microchip/xc16/v2.10/bin/bin/../../lib/libc99-pic30-elf.a(unpackfx.XX_o)
 .debug_info      0x00315c         0x8f /Applications/microchip/xc16/v2.10/bin/bin/../../lib/libc99-pic30-elf.a(floatdisf.XX_o)
 .debug_info      0x0031eb         0x91 /Applications/microchip/xc16/v2.10/bin/bin/../../lib/libc99-pic30-elf.a(floatundisf.XX_o)
 .debug_info      0x00327c         0x8b /Applications/microchip/xc16/v2.10/bin/bin/../../lib/libc99-pic30-elf.a(fpack.XX_o)
 .debug_info      0x003307         0x8d /Applications/microchip/xc16/v2.10/bin/bin/../../lib/libc99-pic30-elf.a(feqltle.XX_o)
 .debug_info      0x003394         0x8b /Applications/microchip/xc16/v2.10/bin/bin/../../lib/libc99-pic30-elf.a(fgtge.XX_o)
 .debug_info      0x00341f         0x9d /Applications/microchip/xc16/v2.10/bin/bin/../../lib/libc99-pic30-elf.a(addsf3x.XX_o)
 .debug_info      0x0034bc         0x9d /Applications/microchip/xc16/v2.10/bin/bin/../../lib/libc99-pic30-elf.a(mulsf3x.XX_o)
 .debug_info      0x003559         0xa0 /Applications/microchip/xc16/v2.10/bin/bin/../../lib/libc99-pic30-elf.a(dnrmpackfx.XX_o)
 .debug_info      0x0035f9         0xa2 /Applications/microchip/xc16/v2.10/bin/bin/../../lib/libc99-pic30-elf.a(unpackdnrmfx.XX_o)
 .debug_info      0x00369b         0x9f /Applications/microchip/xc16/v2.10/bin/bin/../../lib/libc99-pic30-elf.a(propnanfx.XX_o)
 .debug_info      0x00373a         0x8e /Applications/microchip/xc16/v2.10/bin/bin/../../lib/libc99-pic30-elf.a(fcompare.XX_o)
 .debug_info      0x0037c8         0x8e /Applications/microchip/xc16/v2.10/bin/bin/../../lib/libc99-pic30-elf.a(funpack2.XX_o)
 *(.gnu.linkonce.wi.*)

.debug_abbrev     0x000000        0x63c
 *(.debug_abbrev)
 .debug_abbrev    0x000000         0x52 build/default/debug/main.o
 .debug_abbrev    0x000052        0x123 build/default/debug/ChangeClk.o
 .debug_abbrev    0x000175         0xfa build/default/debug/TimeDelay.o
 .debug_abbrev    0x00026f        0x129 build/default/debug/IOs.o
 .debug_abbrev    0x000398        0x114 build/default/debug/UART2.o
 .debug_abbrev    0x0004ac         0x14 /Applications/microchip/xc16/v2.10/bin/bin/../../lib/libc99-pic30-elf.a(fixunssfsi.XX_o)
 .debug_abbrev    0x0004c0         0x14 /Applications/microchip/xc16/v2.10/bin/bin/../../lib/libc99-pic30-elf.a(floatsisf.XX_o)
 .debug_abbrev    0x0004d4         0x14 /Applications/microchip/xc16/v2.10/bin/bin/../../lib/libc99-pic30-elf.a(floatunsisf.XX_o)
 .debug_abbrev    0x0004e8         0x14 /Applications/microchip/xc16/v2.10/bin/bin/../../lib/libc99-pic30-elf.a(funpack.XX_o)
 .debug_abbrev    0x0004fc         0x14 /Applications/microchip/xc16/v2.10/bin/bin/../../lib/libc99-pic30-elf.a(divsf3x.XX_o)
 .debug_abbrev    0x000510         0x14 /Applications/microchip/xc16/v2.10/bin/bin/../../lib/libc99-pic30-elf.a(typefx.XX_o)
 .debug_abbrev    0x000524         0x14 /Applications/microchip/xc16/v2.10/bin/bin/../../lib/libc99-pic30-elf.a(spackfx.XX_o)
 .debug_abbrev    0x000538         0x14 /Applications/microchip/xc16/v2.10/bin/bin/../../lib/libc99-pic30-elf.a(unpackfx.XX_o)
 .debug_abbrev    0x00054c         0x14 /Applications/microchip/xc16/v2.10/bin/bin/../../lib/libc99-pic30-elf.a(floatdisf.XX_o)
 .debug_abbrev    0x000560         0x14 /Applications/microchip/xc16/v2.10/bin/bin/../../lib/libc99-pic30-elf.a(floatundisf.XX_o)
 .debug_abbrev    0x000574         0x14 /Applications/microchip/xc16/v2.10/bin/bin/../../lib/libc99-pic30-elf.a(fpack.XX_o)
 .debug_abbrev    0x000588         0x14 /Applications/microchip/xc16/v2.10/bin/bin/../../lib/libc99-pic30-elf.a(feqltle.XX_o)
 .debug_abbrev    0x00059c         0x14 /Applications/microchip/xc16/v2.10/bin/bin/../../lib/libc99-pic30-elf.a(fgtge.XX_o)
 .debug_abbrev    0x0005b0         0x14 /Applications/microchip/xc16/v2.10/bin/bin/../../lib/libc99-pic30-elf.a(addsf3x.XX_o)
 .debug_abbrev    0x0005c4         0x14 /Applications/microchip/xc16/v2.10/bin/bin/../../lib/libc99-pic30-elf.a(mulsf3x.XX_o)
 .debug_abbrev    0x0005d8         0x14 /Applications/microchip/xc16/v2.10/bin/bin/../../lib/libc99-pic30-elf.a(dnrmpackfx.XX_o)
 .debug_abbrev    0x0005ec         0x14 /Applications/microchip/xc16/v2.10/bin/bin/../../lib/libc99-pic30-elf.a(unpackdnrmfx.XX_o)
 .debug_abbrev    0x000600         0x14 /Applications/microchip/xc16/v2.10/bin/bin/../../lib/libc99-pic30-elf.a(propnanfx.XX_o)
 .debug_abbrev    0x000614         0x14 /Applications/microchip/xc16/v2.10/bin/bin/../../lib/libc99-pic30-elf.a(fcompare.XX_o)
 .debug_abbrev    0x000628         0x14 /Applications/microchip/xc16/v2.10/bin/bin/../../lib/libc99-pic30-elf.a(funpack2.XX_o)

.debug_line       0x000000        0xea1
 *(.debug_line)
 .debug_line      0x000000         0x84 build/default/debug/main.o
 .debug_line      0x000084        0x10f build/default/debug/ChangeClk.o
 .debug_line      0x000193        0x12b build/default/debug/TimeDelay.o
 .debug_line      0x0002be        0x164 build/default/debug/IOs.o
 .debug_line      0x000422        0x177 build/default/debug/UART2.o
 .debug_line      0x000599         0x53 /Applications/microchip/xc16/v2.10/bin/bin/../../lib/libc99-pic30-elf.a(fixunssfsi.XX_o)
 .debug_line      0x0005ec         0x3a /Applications/microchip/xc16/v2.10/bin/bin/../../lib/libc99-pic30-elf.a(floatsisf.XX_o)
 .debug_line      0x000626         0x3b /Applications/microchip/xc16/v2.10/bin/bin/../../lib/libc99-pic30-elf.a(floatunsisf.XX_o)
 .debug_line      0x000661         0x4a /Applications/microchip/xc16/v2.10/bin/bin/../../lib/libc99-pic30-elf.a(funpack.XX_o)
 .debug_line      0x0006ab        0x124 /Applications/microchip/xc16/v2.10/bin/bin/../../lib/libc99-pic30-elf.a(divsf3x.XX_o)
 .debug_line      0x0007cf         0x5e /Applications/microchip/xc16/v2.10/bin/bin/../../lib/libc99-pic30-elf.a(typefx.XX_o)
 .debug_line      0x00082d         0x98 /Applications/microchip/xc16/v2.10/bin/bin/../../lib/libc99-pic30-elf.a(spackfx.XX_o)
 .debug_line      0x0008c5         0x79 /Applications/microchip/xc16/v2.10/bin/bin/../../lib/libc99-pic30-elf.a(unpackfx.XX_o)
 .debug_line      0x00093e         0x1a /Applications/microchip/xc16/v2.10/bin/bin/../../lib/libc99-pic30-elf.a(errno.XX_o)
 .debug_line      0x000958         0x47 /Applications/microchip/xc16/v2.10/bin/bin/../../lib/libc99-pic30-elf.a(floatdisf.XX_o)
 .debug_line      0x00099f         0x6c /Applications/microchip/xc16/v2.10/bin/bin/../../lib/libc99-pic30-elf.a(floatundisf.XX_o)
 .debug_line      0x000a0b         0x5a /Applications/microchip/xc16/v2.10/bin/bin/../../lib/libc99-pic30-elf.a(fpack.XX_o)
 .debug_line      0x000a65         0x37 /Applications/microchip/xc16/v2.10/bin/bin/../../lib/libc99-pic30-elf.a(feqltle.XX_o)
 .debug_line      0x000a9c         0x35 /Applications/microchip/xc16/v2.10/bin/bin/../../lib/libc99-pic30-elf.a(fgtge.XX_o)
 .debug_line      0x000ad1        0x136 /Applications/microchip/xc16/v2.10/bin/bin/../../lib/libc99-pic30-elf.a(addsf3x.XX_o)
 .debug_line      0x000c07         0xcc /Applications/microchip/xc16/v2.10/bin/bin/../../lib/libc99-pic30-elf.a(mulsf3x.XX_o)
 .debug_line      0x000cd3         0x72 /Applications/microchip/xc16/v2.10/bin/bin/../../lib/libc99-pic30-elf.a(dnrmpackfx.XX_o)
 .debug_line      0x000d45         0x7a /Applications/microchip/xc16/v2.10/bin/bin/../../lib/libc99-pic30-elf.a(unpackdnrmfx.XX_o)
 .debug_line      0x000dbf         0x51 /Applications/microchip/xc16/v2.10/bin/bin/../../lib/libc99-pic30-elf.a(propnanfx.XX_o)
 .debug_line      0x000e10         0x53 /Applications/microchip/xc16/v2.10/bin/bin/../../lib/libc99-pic30-elf.a(fcompare.XX_o)
 .debug_line      0x000e63         0x3e /Applications/microchip/xc16/v2.10/bin/bin/../../lib/libc99-pic30-elf.a(funpack2.XX_o)

.debug_frame      0x000000        0x216
 *(.debug_frame)
 .debug_frame     0x000000         0x2e build/default/debug/main.o
 .debug_frame     0x00002e         0x2e build/default/debug/ChangeClk.o
 .debug_frame     0x00005c         0x48 build/default/debug/TimeDelay.o
 .debug_frame     0x0000a4         0x86 build/default/debug/IOs.o
 .debug_frame     0x00012a         0xec build/default/debug/UART2.o

.debug_str        0x000000        0x109
 *(.debug_str)
 .debug_str       0x000000         0x16 build/default/debug/ChangeClk.o
 .debug_str       0x000016         0x25 build/default/debug/TimeDelay.o
 .debug_str       0x00003b         0x80 build/default/debug/IOs.o
 .debug_str       0x0000bb         0x4e build/default/debug/UART2.o

.debug_loc
 *(.debug_loc)

.debug_macinfo
 *(.debug_macinfo)

.debug_pubnames
                  0x000000        0x14b
 *(.debug_pubnames)
 .debug_pubnames
                  0x000000         0x2c build/default/debug/main.o
 .debug_pubnames
                  0x00002c         0x1d build/default/debug/ChangeClk.o
 .debug_pubnames
                  0x000049         0x30 build/default/debug/TimeDelay.o
 .debug_pubnames
                  0x000079         0x3a build/default/debug/IOs.o
 .debug_pubnames
                  0x0000b3         0x98 build/default/debug/UART2.o

.debug_ranges
 *(.debug_ranges)

.debug_aranges    0x000000        0x2f8
 *(.debug_aranges)
 .debug_aranges
                  0x000000         0x18 build/default/debug/main.o
 .debug_aranges
                  0x000018         0x18 build/default/debug/ChangeClk.o
 .debug_aranges
                  0x000030         0x18 build/default/debug/TimeDelay.o
 .debug_aranges
                  0x000048         0x18 build/default/debug/IOs.o
 .debug_aranges
                  0x000060         0x18 build/default/debug/UART2.o
 .debug_aranges
                  0x000078         0x20 /Applications/microchip/xc16/v2.10/bin/bin/../../lib/libc99-pic30-elf.a(fixunssfsi.XX_o)
 .debug_aranges
                  0x000098         0x20 /Applications/microchip/xc16/v2.10/bin/bin/../../lib/libc99-pic30-elf.a(floatsisf.XX_o)
 .debug_aranges
                  0x0000b8         0x20 /Applications/microchip/xc16/v2.10/bin/bin/../../lib/libc99-pic30-elf.a(floatunsisf.XX_o)
 .debug_aranges
                  0x0000d8         0x20 /Applications/microchip/xc16/v2.10/bin/bin/../../lib/libc99-pic30-elf.a(funpack.XX_o)
 .debug_aranges
                  0x0000f8         0x20 /Applications/microchip/xc16/v2.10/bin/bin/../../lib/libc99-pic30-elf.a(divsf3x.XX_o)
 .debug_aranges
                  0x000118         0x20 /Applications/microchip/xc16/v2.10/bin/bin/../../lib/libc99-pic30-elf.a(typefx.XX_o)
 .debug_aranges
                  0x000138         0x20 /Applications/microchip/xc16/v2.10/bin/bin/../../lib/libc99-pic30-elf.a(spackfx.XX_o)
 .debug_aranges
                  0x000158         0x20 /Applications/microchip/xc16/v2.10/bin/bin/../../lib/libc99-pic30-elf.a(unpackfx.XX_o)
 .debug_aranges
                  0x000178         0x20 /Applications/microchip/xc16/v2.10/bin/bin/../../lib/libc99-pic30-elf.a(floatdisf.XX_o)
 .debug_aranges
                  0x000198         0x20 /Applications/microchip/xc16/v2.10/bin/bin/../../lib/libc99-pic30-elf.a(floatundisf.XX_o)
 .debug_aranges
                  0x0001b8         0x20 /Applications/microchip/xc16/v2.10/bin/bin/../../lib/libc99-pic30-elf.a(fpack.XX_o)
 .debug_aranges
                  0x0001d8         0x20 /Applications/microchip/xc16/v2.10/bin/bin/../../lib/libc99-pic30-elf.a(feqltle.XX_o)
 .debug_aranges
                  0x0001f8         0x20 /Applications/microchip/xc16/v2.10/bin/bin/../../lib/libc99-pic30-elf.a(fgtge.XX_o)
 .debug_aranges
                  0x000218         0x20 /Applications/microchip/xc16/v2.10/bin/bin/../../lib/libc99-pic30-elf.a(addsf3x.XX_o)
 .debug_aranges
                  0x000238         0x20 /Applications/microchip/xc16/v2.10/bin/bin/../../lib/libc99-pic30-elf.a(mulsf3x.XX_o)
 .debug_aranges
                  0x000258         0x20 /Applications/microchip/xc16/v2.10/bin/bin/../../lib/libc99-pic30-elf.a(dnrmpackfx.XX_o)
 .debug_aranges
                  0x000278         0x20 /Applications/microchip/xc16/v2.10/bin/bin/../../lib/libc99-pic30-elf.a(unpackdnrmfx.XX_o)
 .debug_aranges
                  0x000298         0x20 /Applications/microchip/xc16/v2.10/bin/bin/../../lib/libc99-pic30-elf.a(propnanfx.XX_o)
 .debug_aranges
                  0x0002b8         0x20 /Applications/microchip/xc16/v2.10/bin/bin/../../lib/libc99-pic30-elf.a(fcompare.XX_o)
 .debug_aranges
                  0x0002d8         0x20 /Applications/microchip/xc16/v2.10/bin/bin/../../lib/libc99-pic30-elf.a(funpack2.XX_o)
                    0x0000                  WREG0 = 0x0
                    0x0000                  _WREG0 = 0x0
                    0x0002                  WREG1 = 0x2
                    0x0002                  _WREG1 = 0x2
                    0x0004                  WREG2 = 0x4
                    0x0004                  _WREG2 = 0x4
                    0x0006                  WREG3 = 0x6
                    0x0006                  _WREG3 = 0x6
                    0x0008                  WREG4 = 0x8
                    0x0008                  _WREG4 = 0x8
                    0x000a                  WREG5 = 0xa
                    0x000a                  _WREG5 = 0xa
                    0x000c                  WREG6 = 0xc
                    0x000c                  _WREG6 = 0xc
                    0x000e                  WREG7 = 0xe
                    0x000e                  _WREG7 = 0xe
                    0x0010                  WREG8 = 0x10
                    0x0010                  _WREG8 = 0x10
                    0x0012                  WREG9 = 0x12
                    0x0012                  _WREG9 = 0x12
                    0x0014                  WREG10 = 0x14
                    0x0014                  _WREG10 = 0x14
                    0x0016                  WREG11 = 0x16
                    0x0016                  _WREG11 = 0x16
                    0x0018                  WREG12 = 0x18
                    0x0018                  _WREG12 = 0x18
                    0x001a                  WREG13 = 0x1a
                    0x001a                  _WREG13 = 0x1a
                    0x001c                  WREG14 = 0x1c
                    0x001c                  _WREG14 = 0x1c
                    0x001e                  WREG15 = 0x1e
                    0x001e                  _WREG15 = 0x1e
                    0x0020                  SPLIM = 0x20
                    0x0020                  _SPLIM = 0x20
                    0x002e                  PCL = 0x2e
                    0x002e                  _PCL = 0x2e
                    0x0030                  PCH = 0x30
                    0x0030                  _PCH = 0x30
                    0x0032                  TBLPAG = 0x32
                    0x0032                  _TBLPAG = 0x32
                    0x0034                  PSVPAG = 0x34
                    0x0034                  _PSVPAG = 0x34
                    0x0036                  RCOUNT = 0x36
                    0x0036                  _RCOUNT = 0x36
                    0x0042                  SR = 0x42
                    0x0042                  _SR = 0x42
                    0x0042                  _SRbits = 0x42
                    0x0044                  CORCON = 0x44
                    0x0044                  _CORCON = 0x44
                    0x0044                  _CORCONbits = 0x44
                    0x0052                  DISICNT = 0x52
                    0x0052                  _DISICNT = 0x52
                    0x0060                  CNEN1 = 0x60
                    0x0060                  _CNEN1 = 0x60
                    0x0060                  _CNEN1bits = 0x60
                    0x0062                  CNEN2 = 0x62
                    0x0062                  _CNEN2 = 0x62
                    0x0062                  _CNEN2bits = 0x62
                    0x0068                  CNPU1 = 0x68
                    0x0068                  _CNPU1 = 0x68
                    0x0068                  _CNPU1bits = 0x68
                    0x006a                  CNPU2 = 0x6a
                    0x006a                  _CNPU2 = 0x6a
                    0x006a                  _CNPU2bits = 0x6a
                    0x0070                  CNPD1 = 0x70
                    0x0070                  _CNPD1 = 0x70
                    0x0070                  _CNPD1bits = 0x70
                    0x0072                  CNPD2 = 0x72
                    0x0072                  _CNPD2 = 0x72
                    0x0072                  _CNPD2bits = 0x72
                    0x0080                  INTCON1 = 0x80
                    0x0080                  _INTCON1 = 0x80
                    0x0080                  _INTCON1bits = 0x80
                    0x0082                  INTCON2 = 0x82
                    0x0082                  _INTCON2 = 0x82
                    0x0082                  _INTCON2bits = 0x82
                    0x0084                  IFS0 = 0x84
                    0x0084                  _IFS0 = 0x84
                    0x0084                  _IFS0bits = 0x84
                    0x0086                  IFS1 = 0x86
                    0x0086                  _IFS1 = 0x86
                    0x0086                  _IFS1bits = 0x86
                    0x008a                  IFS3 = 0x8a
                    0x008a                  _IFS3 = 0x8a
                    0x008a                  _IFS3bits = 0x8a
                    0x008c                  IFS4 = 0x8c
                    0x008c                  _IFS4 = 0x8c
                    0x008c                  _IFS4bits = 0x8c
                    0x0094                  IEC0 = 0x94
                    0x0094                  _IEC0 = 0x94
                    0x0094                  _IEC0bits = 0x94
                    0x0096                  IEC1 = 0x96
                    0x0096                  _IEC1 = 0x96
                    0x0096                  _IEC1bits = 0x96
                    0x009a                  IEC3 = 0x9a
                    0x009a                  _IEC3 = 0x9a
                    0x009a                  _IEC3bits = 0x9a
                    0x009c                  IEC4 = 0x9c
                    0x009c                  _IEC4 = 0x9c
                    0x009c                  _IEC4bits = 0x9c
                    0x00a4                  IPC0 = 0xa4
                    0x00a4                  _IPC0 = 0xa4
                    0x00a4                  _IPC0bits = 0xa4
                    0x00a6                  IPC1 = 0xa6
                    0x00a6                  _IPC1 = 0xa6
                    0x00a6                  _IPC1bits = 0xa6
                    0x00a8                  IPC2 = 0xa8
                    0x00a8                  _IPC2 = 0xa8
                    0x00a8                  _IPC2bits = 0xa8
                    0x00aa                  IPC3 = 0xaa
                    0x00aa                  _IPC3 = 0xaa
                    0x00aa                  _IPC3bits = 0xaa
                    0x00ac                  IPC4 = 0xac
                    0x00ac                  _IPC4 = 0xac
                    0x00ac                  _IPC4bits = 0xac
                    0x00ae                  IPC5 = 0xae
                    0x00ae                  _IPC5 = 0xae
                    0x00ae                  _IPC5bits = 0xae
                    0x00b2                  IPC7 = 0xb2
                    0x00b2                  _IPC7 = 0xb2
                    0x00b2                  _IPC7bits = 0xb2
                    0x00c2                  IPC15 = 0xc2
                    0x00c2                  _IPC15 = 0xc2
                    0x00c2                  _IPC15bits = 0xc2
                    0x00c4                  IPC16 = 0xc4
                    0x00c4                  _IPC16 = 0xc4
                    0x00c4                  _IPC16bits = 0xc4
                    0x00c8                  IPC18 = 0xc8
                    0x00c8                  _IPC18 = 0xc8
                    0x00c8                  _IPC18bits = 0xc8
                    0x00ca                  IPC19 = 0xca
                    0x00ca                  _IPC19 = 0xca
                    0x00ca                  _IPC19bits = 0xca
                    0x00e0                  INTTREG = 0xe0
                    0x00e0                  _INTTREG = 0xe0
                    0x00e0                  _INTTREGbits = 0xe0
                    0x0100                  TMR1 = 0x100
                    0x0100                  _TMR1 = 0x100
                    0x0102                  PR1 = 0x102
                    0x0102                  _PR1 = 0x102
                    0x0104                  T1CON = 0x104
                    0x0104                  _T1CON = 0x104
                    0x0104                  _T1CONbits = 0x104
                    0x0106                  TMR2 = 0x106
                    0x0106                  _TMR2 = 0x106
                    0x0108                  TMR3HLD = 0x108
                    0x0108                  _TMR3HLD = 0x108
                    0x010a                  TMR3 = 0x10a
                    0x010a                  _TMR3 = 0x10a
                    0x010c                  PR2 = 0x10c
                    0x010c                  _PR2 = 0x10c
                    0x010e                  PR3 = 0x10e
                    0x010e                  _PR3 = 0x10e
                    0x0110                  T2CON = 0x110
                    0x0110                  _T2CON = 0x110
                    0x0110                  _T2CONbits = 0x110
                    0x0112                  T3CON = 0x112
                    0x0112                  _T3CON = 0x112
                    0x0112                  _T3CONbits = 0x112
                    0x0140                  IC1BUF = 0x140
                    0x0140                  _IC1BUF = 0x140
                    0x0142                  IC1CON = 0x142
                    0x0142                  _IC1CON = 0x142
                    0x0142                  _IC1CONbits = 0x142
                    0x0180                  OC1RS = 0x180
                    0x0180                  _OC1RS = 0x180
                    0x0182                  OC1R = 0x182
                    0x0182                  _OC1R = 0x182
                    0x0184                  OC1CON = 0x184
                    0x0184                  _OC1CON = 0x184
                    0x0184                  _OC1CONbits = 0x184
                    0x0200                  I2C1RCV = 0x200
                    0x0200                  _I2C1RCV = 0x200
                    0x0202                  I2C1TRN = 0x202
                    0x0202                  _I2C1TRN = 0x202
                    0x0204                  I2C1BRG = 0x204
                    0x0204                  _I2C1BRG = 0x204
                    0x0206                  I2C1CON = 0x206
                    0x0206                  _I2C1CON = 0x206
                    0x0206                  _I2C1CONbits = 0x206
                    0x0208                  I2C1STAT = 0x208
                    0x0208                  _I2C1STAT = 0x208
                    0x0208                  _I2C1STATbits = 0x208
                    0x020a                  I2C1ADD = 0x20a
                    0x020a                  _I2C1ADD = 0x20a
                    0x020c                  I2C1MSK = 0x20c
                    0x020c                  _I2C1MSK = 0x20c
                    0x020c                  _I2C1MSKbits = 0x20c
                    0x0220                  U1MODE = 0x220
                    0x0220                  _U1MODE = 0x220
                    0x0220                  _U1MODEbits = 0x220
                    0x0222                  U1STA = 0x222
                    0x0222                  _U1STA = 0x222
                    0x0222                  _U1STAbits = 0x222
                    0x0224                  U1TXREG = 0x224
                    0x0224                  _U1TXREG = 0x224
                    0x0226                  U1RXREG = 0x226
                    0x0226                  _U1RXREG = 0x226
                    0x0228                  U1BRG = 0x228
                    0x0228                  _U1BRG = 0x228
                    0x0230                  U2MODE = 0x230
                    0x0230                  _U2MODE = 0x230
                    0x0230                  _U2MODEbits = 0x230
                    0x0232                  U2STA = 0x232
                    0x0232                  _U2STA = 0x232
                    0x0232                  _U2STAbits = 0x232
                    0x0234                  U2TXREG = 0x234
                    0x0234                  _U2TXREG = 0x234
                    0x0236                  U2RXREG = 0x236
                    0x0236                  _U2RXREG = 0x236
                    0x0238                  U2BRG = 0x238
                    0x0238                  _U2BRG = 0x238
                    0x0240                  SPI1STAT = 0x240
                    0x0240                  _SPI1STAT = 0x240
                    0x0240                  _SPI1STATbits = 0x240
                    0x0242                  SPI1CON1 = 0x242
                    0x0242                  _SPI1CON1 = 0x242
                    0x0242                  _SPI1CON1bits = 0x242
                    0x0244                  SPI1CON2 = 0x244
                    0x0244                  _SPI1CON2 = 0x244
                    0x0244                  _SPI1CON2bits = 0x244
                    0x0248                  SPI1BUF = 0x248
                    0x0248                  _SPI1BUF = 0x248
                    0x02c0                  TRISA = 0x2c0
                    0x02c0                  _TRISA = 0x2c0
                    0x02c0                  _TRISAbits = 0x2c0
                    0x02c2                  PORTA = 0x2c2
                    0x02c2                  _PORTA = 0x2c2
                    0x02c2                  _PORTAbits = 0x2c2
                    0x02c4                  LATA = 0x2c4
                    0x02c4                  _LATA = 0x2c4
                    0x02c4                  _LATAbits = 0x2c4
                    0x02c6                  ODCA = 0x2c6
                    0x02c6                  _ODCA = 0x2c6
                    0x02c6                  _ODCAbits = 0x2c6
                    0x02c8                  TRISB = 0x2c8
                    0x02c8                  _TRISB = 0x2c8
                    0x02c8                  _TRISBbits = 0x2c8
                    0x02ca                  PORTB = 0x2ca
                    0x02ca                  _PORTB = 0x2ca
                    0x02ca                  _PORTBbits = 0x2ca
                    0x02cc                  LATB = 0x2cc
                    0x02cc                  _LATB = 0x2cc
                    0x02cc                  _LATBbits = 0x2cc
                    0x02ce                  ODCB = 0x2ce
                    0x02ce                  _ODCB = 0x2ce
                    0x02ce                  _ODCBbits = 0x2ce
                    0x02fc                  PADCFG1 = 0x2fc
                    0x02fc                  _PADCFG1 = 0x2fc
                    0x02fc                  _PADCFG1bits = 0x2fc
                    0x0300                  ADC1BUF0 = 0x300
                    0x0300                  _ADC1BUF0 = 0x300
                    0x0302                  ADC1BUF1 = 0x302
                    0x0302                  _ADC1BUF1 = 0x302
                    0x0304                  ADC1BUF2 = 0x304
                    0x0304                  _ADC1BUF2 = 0x304
                    0x0306                  ADC1BUF3 = 0x306
                    0x0306                  _ADC1BUF3 = 0x306
                    0x0308                  ADC1BUF4 = 0x308
                    0x0308                  _ADC1BUF4 = 0x308
                    0x030a                  ADC1BUF5 = 0x30a
                    0x030a                  _ADC1BUF5 = 0x30a
                    0x030c                  ADC1BUF6 = 0x30c
                    0x030c                  _ADC1BUF6 = 0x30c
                    0x030e                  ADC1BUF7 = 0x30e
                    0x030e                  _ADC1BUF7 = 0x30e
                    0x0310                  ADC1BUF8 = 0x310
                    0x0310                  _ADC1BUF8 = 0x310
                    0x0312                  ADC1BUF9 = 0x312
                    0x0312                  _ADC1BUF9 = 0x312
                    0x0314                  ADC1BUFA = 0x314
                    0x0314                  _ADC1BUFA = 0x314
                    0x0316                  ADC1BUFB = 0x316
                    0x0316                  _ADC1BUFB = 0x316
                    0x0318                  ADC1BUFC = 0x318
                    0x0318                  _ADC1BUFC = 0x318
                    0x031a                  ADC1BUFD = 0x31a
                    0x031a                  _ADC1BUFD = 0x31a
                    0x031c                  ADC1BUFE = 0x31c
                    0x031c                  _ADC1BUFE = 0x31c
                    0x031e                  ADC1BUFF = 0x31e
                    0x031e                  _ADC1BUFF = 0x31e
                    0x0320                  AD1CON1 = 0x320
                    0x0320                  _AD1CON1 = 0x320
                    0x0320                  _AD1CON1bits = 0x320
                    0x0322                  AD1CON2 = 0x322
                    0x0322                  _AD1CON2 = 0x322
                    0x0322                  _AD1CON2bits = 0x322
                    0x0324                  AD1CON3 = 0x324
                    0x0324                  _AD1CON3 = 0x324
                    0x0324                  _AD1CON3bits = 0x324
                    0x0328                  AD1CHS = 0x328
                    0x0328                  _AD1CHS = 0x328
                    0x0328                  _AD1CHSbits = 0x328
                    0x032c                  AD1PCFG = 0x32c
                    0x032c                  _AD1PCFG = 0x32c
                    0x032c                  _AD1PCFGbits = 0x32c
                    0x0330                  AD1CSSL = 0x330
                    0x0330                  _AD1CSSL = 0x330
                    0x0330                  _AD1CSSLbits = 0x330
                    0x033c                  CTMUCON = 0x33c
                    0x033c                  _CTMUCON = 0x33c
                    0x033c                  _CTMUCONbits = 0x33c
                    0x033e                  CTMUICON = 0x33e
                    0x033e                  _CTMUICON = 0x33e
                    0x033e                  _CTMUICONbits = 0x33e
                    0x0620                  ALRMVAL = 0x620
                    0x0620                  _ALRMVAL = 0x620
                    0x0622                  ALCFGRPT = 0x622
                    0x0622                  _ALCFGRPT = 0x622
                    0x0622                  _ALCFGRPTbits = 0x622
                    0x0624                  RTCVAL = 0x624
                    0x0624                  _RTCVAL = 0x624
                    0x0626                  RCFGCAL = 0x626
                    0x0626                  _RCFGCAL = 0x626
                    0x0626                  _RCFGCALbits = 0x626
                    0x0630                  CMSTAT = 0x630
                    0x0630                  _CMSTAT = 0x630
                    0x0630                  _CMSTATbits = 0x630
                    0x0632                  CVRCON = 0x632
                    0x0632                  _CVRCON = 0x632
                    0x0632                  _CVRCONbits = 0x632
                    0x0634                  CM1CON = 0x634
                    0x0634                  _CM1CON = 0x634
                    0x0634                  _CM1CONbits = 0x634
                    0x0636                  CM2CON = 0x636
                    0x0636                  _CM2CON = 0x636
                    0x0636                  _CM2CONbits = 0x636
                    0x0640                  CRCCON = 0x640
                    0x0640                  _CRCCON = 0x640
                    0x0640                  _CRCCONbits = 0x640
                    0x0642                  CRCXOR = 0x642
                    0x0642                  _CRCXOR = 0x642
                    0x0644                  CRCDAT = 0x644
                    0x0644                  _CRCDAT = 0x644
                    0x0646                  CRCWDAT = 0x646
                    0x0646                  _CRCWDAT = 0x646
                    0x0740                  RCON = 0x740
                    0x0740                  _RCON = 0x740
                    0x0740                  _RCONbits = 0x740
                    0x0742                  OSCCON = 0x742
                    0x0742                  _OSCCON = 0x742
                    0x0742                  _OSCCONbits = 0x742
                    0x0742                  OSCCONL = 0x742
                    0x0742                  _OSCCONL = 0x742
                    0x0743                  OSCCONH = 0x743
                    0x0743                  _OSCCONH = 0x743
                    0x0744                  CLKDIV = 0x744
                    0x0744                  _CLKDIV = 0x744
                    0x0744                  _CLKDIVbits = 0x744
                    0x0748                  OSCTUN = 0x748
                    0x0748                  _OSCTUN = 0x748
                    0x0748                  _OSCTUNbits = 0x748
                    0x074e                  REFOCON = 0x74e
                    0x074e                  _REFOCON = 0x74e
                    0x074e                  _REFOCONbits = 0x74e
                    0x0756                  HLVDCON = 0x756
                    0x0756                  _HLVDCON = 0x756
                    0x0756                  _HLVDCONbits = 0x756
                    0x0758                  DSCON = 0x758
                    0x0758                  _DSCON = 0x758
                    0x0758                  _DSCONbits = 0x758
                    0x075a                  DSWAKE = 0x75a
                    0x075a                  _DSWAKE = 0x75a
                    0x075a                  _DSWAKEbits = 0x75a
                    0x075a                  DSWSRC = 0x75a
                    0x075a                  _DSWSRC = 0x75a
                    0x075a                  _DSWSRCbits = 0x75a
                    0x075c                  DSGPR0 = 0x75c
                    0x075c                  _DSGPR0 = 0x75c
                    0x075e                  DSGPR1 = 0x75e
                    0x075e                  _DSGPR1 = 0x75e
                    0x0760                  NVMCON = 0x760
                    0x0760                  _NVMCON = 0x760
                    0x0760                  _NVMCONbits = 0x760
                    0x0766                  NVMKEY = 0x766
                    0x0766                  _NVMKEY = 0x766
                    0x0766                  _NVMKEYbits = 0x766
                    0x0770                  PMD1 = 0x770
                    0x0770                  _PMD1 = 0x770
                    0x0770                  _PMD1bits = 0x770
                    0x0772                  PMD2 = 0x772
                    0x0772                  _PMD2 = 0x772
                    0x0772                  _PMD2bits = 0x772
                    0x0774                  PMD3 = 0x774
                    0x0774                  _PMD3 = 0x774
                    0x0774                  _PMD3bits = 0x774
                    0x0776                  PMD4 = 0x776
                    0x0776                  _PMD4 = 0x776
                    0x0776                  _PMD4bits = 0x776
                    0x0140                  IC1 = 0x140
                    0x0140                  _IC1 = 0x140
                    0x0180                  OC1 = 0x180
                    0x0180                  _OC1 = 0x180
                    0x0240                  SPI1 = 0x240
                    0x0240                  _SPI1 = 0x240
                    0x0220                  UART1 = 0x220
                    0x0220                  _UART1 = 0x220
                    0x0230                  UART2 = 0x230
                    0x0230                  _UART2 = 0x230
START GROUP
LOAD /Applications/microchip/xc16/v2.10/bin/bin/../../lib/libc99-pic30-elf.a
LOAD /Applications/microchip/xc16/v2.10/bin/bin/../../lib/libm-elf.a
LOAD /Applications/microchip/xc16/v2.10/bin/bin/../../lib/libc99-elf.a
END GROUP
OUTPUT(dist/default/debug/ENSF460_DP4.X.debug.elf elf32-pic30)
LOAD /CW/_FGSXÞr<½
LOAD /CW/_FBSXîr<½
LOAD default_isr
LOAD data_init

.debug_pubtypes
                  0x0002f8        0x413
 .debug_pubtypes
                  0x0002f8         0x2b build/default/debug/main.o
 .debug_pubtypes
                  0x000323         0x7a build/default/debug/ChangeClk.o
 .debug_pubtypes
                  0x00039d         0x95 build/default/debug/TimeDelay.o
 .debug_pubtypes
                  0x000432        0x1ba build/default/debug/IOs.o
 .debug_pubtypes
                  0x0005ec        0x11f build/default/debug/UART2.o

__c30_signature
                  0x00070b         0x96
 __c30_signature
                  0x00070b          0x6 build/default/debug/main.o
 __c30_signature
                  0x000711          0x6 build/default/debug/ChangeClk.o
 __c30_signature
                  0x000717          0x6 build/default/debug/TimeDelay.o
 __c30_signature
                  0x00071d          0x6 build/default/debug/IOs.o
 __c30_signature
                  0x000723          0x6 build/default/debug/UART2.o
 __c30_signature
                  0x000729          0x6 /Applications/microchip/xc16/v2.10/bin/bin/../../lib/libc99-pic30-elf.a(crt0_standard.o)
 __c30_signature
                  0x00072f          0x6 /Applications/microchip/xc16/v2.10/bin/bin/../../lib/libc99-pic30-elf.a(data_init_standard.o)
 __c30_signature
                  0x000735          0x6 /Applications/microchip/xc16/v2.10/bin/bin/../../lib/libc99-pic30-elf.a(fixunssfsi.XX_o)
 __c30_signature
                  0x00073b          0x6 /Applications/microchip/xc16/v2.10/bin/bin/../../lib/libc99-pic30-elf.a(floatsisf.XX_o)
 __c30_signature
                  0x000741          0x6 /Applications/microchip/xc16/v2.10/bin/bin/../../lib/libc99-pic30-elf.a(floatunsisf.XX_o)
 __c30_signature
                  0x000747          0x6 /Applications/microchip/xc16/v2.10/bin/bin/../../lib/libc99-pic30-elf.a(funpack.XX_o)
 __c30_signature
                  0x00074d          0x6 /Applications/microchip/xc16/v2.10/bin/bin/../../lib/libc99-pic30-elf.a(errno.XX_o)
 __c30_signature
                  0x000753          0x6 /Applications/microchip/xc16/v2.10/bin/bin/../../lib/libc99-pic30-elf.a(floatdisf.XX_o)
 __c30_signature
                  0x000759          0x6 /Applications/microchip/xc16/v2.10/bin/bin/../../lib/libc99-pic30-elf.a(floatundisf.XX_o)
 __c30_signature
                  0x00075f          0x6 /Applications/microchip/xc16/v2.10/bin/bin/../../lib/libc99-pic30-elf.a(fpack.XX_o)
 __c30_signature
                  0x000765          0x6 /Applications/microchip/xc16/v2.10/bin/bin/../../lib/libm-elf.a(powf.XX_o)
 __c30_signature
                  0x00076b          0x6 /Applications/microchip/xc16/v2.10/bin/bin/../../lib/libm-elf.a(scalbnf.XX_o)
 __c30_signature
                  0x000771          0x6 /Applications/microchip/xc16/v2.10/bin/bin/../../lib/libm-elf.a(sqrtf.XX_o)
 __c30_signature
                  0x000777          0x6 /Applications/microchip/xc16/v2.10/bin/bin/../../lib/libm-elf.a(fabsf.XX_o)
 __c30_signature
                  0x00077d          0x6 /Applications/microchip/xc16/v2.10/bin/bin/../../lib/libc99-elf.a(__errno_location.XX_o)
 __c30_signature
                  0x000783          0x6 /Applications/microchip/xc16/v2.10/bin/bin/../../lib/libc99-elf.a(strlen.XX_o)
 __c30_signature
                  0x000789          0x6 /Applications/microchip/xc16/v2.10/bin/bin/../../lib/libc99-pic30-elf.a(feqltle.XX_o)
 __c30_signature
                  0x00078f          0x6 /Applications/microchip/xc16/v2.10/bin/bin/../../lib/libc99-pic30-elf.a(fgtge.XX_o)
 __c30_signature
                  0x000795          0x6 /Applications/microchip/xc16/v2.10/bin/bin/../../lib/libc99-pic30-elf.a(fcompare.XX_o)
 __c30_signature
                  0x00079b          0x6 /Applications/microchip/xc16/v2.10/bin/bin/../../lib/libc99-pic30-elf.a(funpack2.XX_o)

.nbss               0x0850          0x8
 .nbss              0x0850          0x4 build/default/debug/main.o
                    0x0850                  _CNflag
                    0x0852                  _i
 .nbss              0x0854          0x2 build/default/debug/UART2.o
                    0x0854                  _clkval
 .nbss              0x0856          0x2 /Applications/microchip/xc16/v2.10/bin/bin/../../lib/libc99-pic30-elf.a(errno.XX_o)
                    0x0856                  _errno

.data               0x0858         0x18
 .data              0x0858         0x18 /Applications/microchip/xc16/v2.10/bin/bin/../../lib/libm-elf.a(powf.XX_o)

.bss                0x0870          0x2
 .bss               0x0870          0x2 /Applications/microchip/xc16/v2.10/bin/bin/../../lib/libc99-elf.a(__errno_location.XX_o)
                    0x0870                  ___errno_val

.config_DSWDTEN
                  0xf80010          0x2
 .config_DSWDTEN
                  0xf80010          0x2 build/default/debug/main.o

.config_BKBUG     0xf8000e          0x2
 .config_BKBUG    0xf8000e          0x2 build/default/debug/main.o

.config_MCLRE     0xf8000c          0x2
 .config_MCLRE    0xf8000c          0x2 build/default/debug/main.o

.config_FWDTEN    0xf8000a          0x2
 .config_FWDTEN
                  0xf8000a          0x2 build/default/debug/main.o

.config_FCKSM     0xf80008          0x2
 .config_FCKSM    0xf80008          0x2 build/default/debug/main.o

.config_IESO      0xf80006          0x2
 .config_IESO     0xf80006          0x2 build/default/debug/main.o

.ivt._T2Interrupt
                  0x000022          0x2
 .ivt._T2Interrupt
                  0x000022          0x2 build/default/debug/TimeDelay.o

.ivt._CNInterrupt
                  0x00003a          0x2
 .ivt._CNInterrupt
                  0x00003a          0x2 build/default/debug/IOs.o

.ivt._U2RXInterrupt
                  0x000050          0x2
 .ivt._U2RXInterrupt
                  0x000050          0x2 build/default/debug/UART2.o

.ivt._U2TXInterrupt
                  0x000052          0x2
 .ivt._U2TXInterrupt
                  0x000052          0x2 build/default/debug/UART2.o

.const              0x96b0         0x9a load address 0x0016b0  
 .const             0x96b0         0x9a build/default/debug/IOs.o

.text             0x00174a        0x31a
 .text            0x00174a        0x1f6 build/default/debug/UART2.o
                  0x00174a                  _InitUART2
                  0x0017b2                  _XmitUART2
                  0x0017ea                  _Disp2Hex
                  0x001848                  _Disp2Hex32
                  0x0018be                  _Disp2Dec
                  0x00191e                  _Disp2String
 .text            0x001940         0x74 build/default/debug/ChangeClk.o
                  0x001940                  _NewClk
 .text            0x0019b4         0x6a build/default/debug/TimeDelay.o
                  0x0019b4                  _delay_ms
 .text            0x001a1e         0x46 build/default/debug/IOs.o
                  0x001a1e                  _IOinit
                  0x001a5c                  _IOcheck

.dinit            0x001a64         0x30
 .dinit           0x001a64         0x30 data_init

.text             0x001a94          0xa
 .text            0x001a94          0xa build/default/debug/main.o
                  0x001a94                  _main
